---
source: tests/snapshot.rs
assertion_line: 114
expression: run_result.output

---
(HOST) INFO  flashing program (2 pages / 8.00 KiB)
(HOST) INFO  success!
────────────────────────────────────────────────────────────────────────────────
ack(m=10, n=10, SP=0x2003bfd4)
ack(m=10, n=9, SP=0x20037fb4)
ack(m=10, n=8, SP=0x20033f94)
ack(m=10, n=7, SP=0x2002ff74)
ack(m=10, n=6, SP=0x2002bf54)
ack(m=10, n=5, SP=0x20027f34)
ack(m=10, n=4, SP=0x20023f14)
ack(m=10, n=3, SP=0x2001fef4)
ack(m=10, n=2, SP=0x2001bed4)
ack(m=10, n=1, SP=0x20017eb4)
ack(m=10, n=0, SP=0x20013e94)
ack(m=9, n=1, SP=0x2000fe74)
ack(m=9, n=0, SP=0x2000be54)
ack(m=8, n=1, SP=0x20007e34)
ack(m=8, n=0, SP=0x20003e14)
────────────────────────────────────────────────────────────────────────────────
(HOST) WARN  program has used at least 240.62/254.93 KiB (94.4%) of stack space
(HOST) WARN  data segments might be corrupted due to stack overflow
stack backtrace:
   0: HardFaultTrampoline
      <exception entry>
(HOST) WARN  call stack was corrupted; unwinding could not be completed
(HOST) ERROR the program has overflowed its stack

